// Jest Snapshot v1, https://goo.gl/fbAQLP

exports[`CarCardComponent should render the component 1`] = `
<div
  id="root0"
>
  <div
    class="card"
    style="width: 18rem;"
  >
    <img
      alt=" "
      class="card-img-top"
      src="https://external-content.duckduckgo.com/iu/?u=https%3A%2F%2Ftse1.mm.bing.net%2Fth%3Fid%3DOIP.GDp9uheqSrMQBmNhBUP1mwHaE0%26pid%3DApi&f=1&ipt=ee353c7a978b7ca256f57cae6ae51c4d5ca321133e806df55516214bfb5ba431&ipo=images"
    />
    <div
      class="card-body"
    >
      <h5
        class="card-title"
      >
         
      </h5>
      <p
        class="card-text"
      >
        Brand: 
      </p>
      <p
        class="card-text"
      >
        Model: 
      </p>
      <p
        class="card-text"
      >
        Manufacture Year: 
      </p>
      <p
        class="card-text"
      >
        <b>
          Price:
        </b>
          / 
      </p>
      <button
        class="btn btn-primary"
        style="float: right;"
      >
        Rent
      </button>
    </div>
  </div>
</div>
`;
