// Jest Snapshot v1, https://goo.gl/fbAQLP

exports[`CarCardComponent should render the component 1`] = `
<div
  id="root0"
>
  <div
    class="card"
    style="width: 18rem;"
  >
    <img
      alt=" "
      class="card-img-top"
      src="https://pictures.dealer.com/c/costamesacadillac/0679/a976281f56ff06d46dc390283aa14da6x.jpg?impolicy=downsize_bkpt&imdensity=1&w=520"
    />
    <div
      class="card-body"
    >
      <h5
        class="card-title"
      >
         
      </h5>
      <p
        class="card-text"
      >
        Brand: 
      </p>
      <p
        class="card-text"
      >
        Model: 
      </p>
      <p
        class="card-text"
      >
        Manufacture Year: 
      </p>
      <p
        class="card-text"
      >
        <b>
          Price:
        </b>
          / Day
      </p>
      <button
        class="btn btn-primary"
        style="float: right;"
      >
         Rent 
      </button>
    </div>
  </div>
</div>
`;
