// Jest Snapshot v1, https://goo.gl/fbAQLP

exports[`BookingComponent should render the component 1`] = `
<div
  id="root0"
>
  <div
    class="container"
    style="margin-top: 1rem;"
  >
    <div
      class="row justify-content-center"
    >
      
    </div>
    <div
      class="row"
    >
      
    </div>
    
  </div>
</div>
`;
